self-tests passed (B=200 -> max, B=1 -> mean, MC check 3.7809 vs 3.7842 +/- 0.0047)

   n inst  slope/e-fold  P1 iid-Exp  P2 LNxExp  ratio/P1
   8    0      2.88e-06     3.9e-03    9.1e-02       0.0
   8    1      7.92e-05     3.9e-03    9.1e-02       0.0
   8    2      3.22e-05     3.9e-03    9.1e-02       0.0
  10    0      4.06e-03     9.8e-04    2.1e-02       4.2
  10    1      2.62e-03     9.8e-04    2.1e-02       2.7
  10    2      3.55e-03     9.8e-04    2.1e-02       3.6
  12    0      3.22e-03     2.4e-04    4.3e-03      13.2
  12    1      3.00e-03     2.4e-04    4.3e-03      12.3
  12    2      3.59e-03     2.4e-04    4.3e-03      14.7
  14    0      5.62e-03     6.1e-05    1.0e-03      92.1
  14    1      2.30e-03     6.1e-05    1.0e-03      37.7
  14    2      5.46e-03     6.1e-05    1.0e-03      89.5
wrote /Users/ilyesjamoussi/Desktop/peaked-circuits/peaked-circuit-landscape/theory/budget_scan.png

pooled slope per e-fold of budget vs registered models:
  n = 8: measured 3.81e-05  P1 3.9e-03 (x0)  P2 9.1e-02
  n = 10: measured 3.41e-03  P1 9.8e-04 (x3)  P2 2.1e-02
  n = 12: measured 3.27e-03  P1 2.4e-04 (x13)  P2 4.3e-03
  n = 14: measured 4.46e-03  P1 6.1e-05 (x73)  P2 1.0e-03
