self-tests passed (reparameterization, dense grid)
n = 10: 16 jobs (budget x1, 16 segments)
    pair  1: dA=0.416 dB=0.456  raw_min=1.01e-04  string_min=0.3229  thr=0.333  fail  len x3.27  min_adj_q=0.265  [597 s]
    pair  2: dA=0.404 dB=0.419  raw_min=3.28e-03  string_min=0.3322  thr=0.323  PASS  len x3.17  min_adj_q=0.295  [599 s]
    pair  0: dA=0.417 dB=0.435  raw_min=3.86e-06  string_min=0.2227  thr=0.333  fail  len x3.17  min_adj_q=0.177  [611 s]
 control  1: dA=0.405 dB=0.000  raw_min=1.42e-04  string_min=0.0014  thr=0.324  fail  len x3.90  min_adj_q=0.001  [611 s]
    pair  6: dA=0.418 dB=0.420  raw_min=3.55e-04  string_min=0.3231  thr=0.335  fail  len x2.91  min_adj_q=0.343  [612 s]
    pair 11: dA=0.419 dB=0.409  raw_min=1.87e-03  string_min=0.3164  thr=0.328  fail  len x3.27  min_adj_q=0.250  [614 s]
 control  0: dA=0.424 dB=0.000  raw_min=4.99e-05  string_min=0.0014  thr=0.339  fail  len x3.94  min_adj_q=0.006  [615 s]
    pair  5: dA=0.416 dB=0.417  raw_min=5.91e-04  string_min=0.3378  thr=0.333  PASS  len x3.08  min_adj_q=0.316  [615 s]
    pair  3: dA=0.420 dB=0.456  raw_min=1.26e-05  string_min=0.3156  thr=0.336  fail  len x3.18  min_adj_q=0.284  [616 s]
    pair  8: dA=0.402 dB=0.434  raw_min=4.62e-03  string_min=0.3275  thr=0.321  PASS  len x2.76  min_adj_q=0.335  [616 s]
    pair  4: dA=0.412 dB=0.426  raw_min=3.48e-04  string_min=0.1045  thr=0.330  fail  len x3.43  min_adj_q=0.088  [619 s]
    pair 10: dA=0.414 dB=0.427  raw_min=1.80e-04  string_min=0.2292  thr=0.331  fail  len x3.57  min_adj_q=0.144  [619 s]
    pair  7: dA=0.418 dB=0.415  raw_min=2.19e-06  string_min=0.3071  thr=0.332  fail  len x3.31  min_adj_q=0.194  [620 s]
    pair  9: dA=0.413 dB=0.419  raw_min=3.11e-03  string_min=0.3384  thr=0.331  PASS  len x2.66  min_adj_q=0.404  [621 s]
 control  3: dA=0.407 dB=0.000  raw_min=1.23e-05  string_min=0.0012  thr=0.326  fail  len x3.74  min_adj_q=0.004  [622 s]
 control  2: dA=0.429 dB=0.000  raw_min=6.03e-05  string_min=0.0011  thr=0.343  fail  len x3.58  min_adj_q=0.000  [623 s]

pairs passing C1: 4/12  (raw-segment medians: min = 3.52e-04, typical scale 2^-n = 9.77e-04)
controls: interior minima = [1.36e-03, 1.37e-03, 1.21e-03, 1.05e-03] -> instrument sane
saved /home/ilyesjamoussi/peaked-circuit-landscape/results/connectivity/conn_n10.npz
