  n  tau_p inst   delta*      atom b(tau_r-tau_p)   alpha
  6      1    0   0.4103   1.2e-07      3.615e-02   0.268
  6      1    1   0.4010   5.9e-08      1.677e-03   0.143
  6      1    2   0.3449   6.6e-08      1.431e-03   0.163
  6      2    0   0.6424   2.0e-08      2.076e-02   0.114
  6      2    1   0.6266   1.0e-08      2.132e-04   0.055
  6      2    2   0.6146   3.0e-08      4.185e-02   0.153
  6      3    0   0.8844   1.8e-05      3.169e-02   0.036
  6      3    1   0.8233   2.5e-05      7.486e-04   0.027
  6      3    2   0.8409   8.3e-05      1.565e-02   0.042
  8      1    0   0.1619   2.2e-08      2.123e-04   0.215
  8      1    1   0.1626   8.4e-08      3.893e-03   0.327
  8      1    2   0.1804   6.4e-08      2.837e-03   0.292
  8      2    0   0.3567   2.7e-08      1.700e-03   0.162
  8      2    1   0.3623   1.2e-07      9.230e-04   0.145
  8      2    2   0.3738   3.0e-08      8.925e-03   0.209
  8      3    0   0.5909   3.1e-05      2.148e-03   0.086
  8      3    1   0.5396   1.3e-05      1.637e-05   0.056
  8      3    2   0.5724   6.9e-08      2.494e-03   0.093
  8      4    0   0.7527   3.9e-07      4.103e-03   0.052
  8      4    1   0.6922   2.2e-07      9.644e-04   0.053
  8      4    2   0.7167   1.5e-07      3.899e-03   0.060
