self-tests (a)-(c) passed (probe match, 4 derivatives, deep limit)
MC check (n=6, tau_r=3, 200 instances): exact 1.3461e-02 vs MC 1.6936e-02 +/- 2.2e-03  ok

   n  tau_r    theta  Tr Cov[grad]  Haar limit   ratio
   6      1     zero    2.3000e-02  1.1538e-02   1.993
   6      2     zero    1.8160e-02  1.1538e-02   1.574
   6      3     zero    1.6166e-02  1.1538e-02   1.401
   6      6     zero    1.2943e-02  1.1538e-02   1.122
   6     12     zero    1.1693e-02  1.1538e-02   1.013
   6     24     zero    1.1540e-02  1.1538e-02   1.000
    [0 s]
   6      1    0.1#0    2.2359e-02  1.1656e-02   1.918
   6      2    0.1#0    1.8147e-02  1.1656e-02   1.557
   6      3    0.1#0    1.6048e-02  1.1656e-02   1.377
   6      6    0.1#0    1.3037e-02  1.1656e-02   1.118
   6     12    0.1#0    1.1809e-02  1.1656e-02   1.013
   6     24    0.1#0    1.1658e-02  1.1656e-02   1.000
    [0 s]
   6      1    0.1#1    2.2341e-02  1.1538e-02   1.936
   6      2    0.1#1    1.7917e-02  1.1538e-02   1.553
   6      3    0.1#1    1.5953e-02  1.1538e-02   1.383
   6      6    0.1#1    1.2895e-02  1.1538e-02   1.118
   6     12    0.1#1    1.1687e-02  1.1538e-02   1.013
   6     24    0.1#1    1.1539e-02  1.1538e-02   1.000
    [0 s]
   8      1     zero    3.9000e-03  1.2768e-03   3.055
   8      2     zero    2.8962e-03  1.2768e-03   2.268
   8      4     zero    2.0189e-03  1.2768e-03   1.581
   8      8     zero    1.4822e-03  1.2768e-03   1.161
   8     16     zero    1.2949e-03  1.2768e-03   1.014
   8     32     zero    1.2769e-03  1.2768e-03   1.000
    [1 s]
   8      1    0.1#0    3.8597e-03  1.2819e-03   3.011
   8      2    0.1#0    2.7674e-03  1.2819e-03   2.159
   8      4    0.1#0    1.9750e-03  1.2819e-03   1.541
   8      8    0.1#0    1.4753e-03  1.2819e-03   1.151
   8     16    0.1#0    1.2990e-03  1.2819e-03   1.013
   8     32    0.1#0    1.2821e-03  1.2819e-03   1.000
    [1 s]
   8      1    0.1#1    3.7816e-03  1.2861e-03   2.940
   8      2    0.1#1    2.8253e-03  1.2861e-03   2.197
   8      4    0.1#1    2.0015e-03  1.2861e-03   1.556
   8      8    0.1#1    1.4853e-03  1.2861e-03   1.155
   8     16    0.1#1    1.3037e-03  1.2861e-03   1.014
   8     32    0.1#1    1.2862e-03  1.2861e-03   1.000
    [1 s]
  10      1     zero    6.5000e-04  1.3148e-04   4.944
  10      2     zero    4.2355e-04  1.3148e-04   3.221
  10      5     zero    2.2515e-04  1.3148e-04   1.712
  10     10     zero    1.5263e-04  1.3148e-04   1.161
  10     20     zero    1.3283e-04  1.3148e-04   1.010
  10     40     zero    1.3148e-04  1.3148e-04   1.000
    [70 s]
  10      1    0.1#0    5.6727e-04  1.3395e-04   4.235
  10      2    0.1#0    3.8939e-04  1.3395e-04   2.907
  10      5    0.1#0    2.1959e-04  1.3395e-04   1.639
  10     10    0.1#0    1.5349e-04  1.3395e-04   1.146
  10     20    0.1#0    1.3521e-04  1.3395e-04   1.009
  10     40    0.1#0    1.3396e-04  1.3395e-04   1.000
    [494 s]
  10      1    0.1#1    6.0858e-04  1.3302e-04   4.575
  10      2    0.1#1    4.0565e-04  1.3302e-04   3.050
  10      5    0.1#1    2.2289e-04  1.3302e-04   1.676
  10     10    0.1#1    1.5338e-04  1.3302e-04   1.153
  10     20    0.1#1    1.3433e-04  1.3302e-04   1.010
  10     40    0.1#1    1.3303e-04  1.3302e-04   1.000
    [472 s]
