n = 8  tau_r =  1  (158 s, 24 pairs x 300 instances)
n = 8  tau_r =  2  (198 s, 24 pairs x 300 instances)
n = 8  tau_r =  4  (202 s, 24 pairs x 300 instances)
n = 8  tau_r =  8  (215 s, 24 pairs x 300 instances)
n = 8  tau_r = 16  (228 s, 24 pairs x 300 instances)
n = 10  tau_r =  1  (365 s, 24 pairs x 300 instances)
n = 10  tau_r =  2  (344 s, 24 pairs x 300 instances)
n = 10  tau_r =  4  (348 s, 24 pairs x 300 instances)
n = 10  tau_r = 10  (362 s, 24 pairs x 300 instances)
n = 10  tau_r = 20  (384 s, 24 pairs x 300 instances)

  n  tau base    kind     t       F     Corr     deep   excess     se
  8    1    0  global  0.05  0.8966  +0.9151  +0.8962  +0.0189  0.009
  8    1    0  global  0.12  0.5422  +0.6459  +0.5404  +0.1055  0.034
  8    1    0  global  0.25  0.0905  +0.2679  +0.0870  +0.1809  0.054
  8    1    0  global  0.50  0.0033  +0.0454  -0.0006  +0.0459  0.058
  8    1    0    gate  0.05  0.9904  +0.9858  +0.9903  -0.0045  0.002
  8    1    0    gate  0.12  0.9460  +0.9274  +0.9457  -0.0183  0.008
  8    1    0    gate  0.25  0.7875  +0.7705  +0.7867  -0.0162  0.023
  8    1    0    gate  0.50  0.3908  +0.5080  +0.3884  +0.1196  0.043
  8    1    0   layer  0.05  0.9805  +0.9776  +0.9804  -0.0028  0.003
  8    1    0   layer  0.12  0.8931  +0.8838  +0.8927  -0.0088  0.013
  8    1    0   layer  0.25  0.6189  +0.6397  +0.6174  +0.0222  0.034
  8    1    0   layer  0.50  0.1864  +0.3035  +0.1832  +0.1203  0.052
  8    1    1  global  0.05  0.8701  +0.9139  +0.8696  +0.0442  0.010
  8    1    1  global  0.12  0.4457  +0.7091  +0.4435  +0.2656  0.029
  8    1    1  global  0.25  0.0346  +0.1651  +0.0308  +0.1342  0.056
  8    1    1  global  0.50  0.0082  -0.0277  +0.0043  -0.0320  0.058
  8    1    1    gate  0.05  0.9882  +0.9925  +0.9881  +0.0043  0.001
  8    1    1    gate  0.12  0.9316  +0.9616  +0.9313  +0.0304  0.004
  8    1    1    gate  0.25  0.7208  +0.8792  +0.7197  +0.1594  0.013
  8    1    1    gate  0.50  0.2221  +0.7366  +0.2190  +0.5176  0.026
  8    1    1   layer  0.05  0.9699  +0.9831  +0.9698  +0.0133  0.002
  8    1    1   layer  0.12  0.8376  +0.9160  +0.8369  +0.0790  0.009
  8    1    1   layer  0.25  0.4538  +0.6801  +0.4517  +0.2284  0.031
  8    1    1   layer  0.50  0.0250  +0.0590  +0.0211  +0.0378  0.058
  8    2    0  global  0.05  0.8687  +0.8711  +0.8682  +0.0029  0.014
  8    2    0  global  0.12  0.4146  +0.3967  +0.4123  -0.0156  0.049
  8    2    0  global  0.25  0.0039  +0.0130  +0.0000  +0.0130  0.058
  8    2    0  global  0.50  0.0031  -0.0184  -0.0008  -0.0176  0.058
  8    2    0    gate  0.05  0.9863  +0.9884  +0.9862  +0.0021  0.001
  8    2    0    gate  0.12  0.9235  +0.9362  +0.9232  +0.0130  0.007
  8    2    0    gate  0.25  0.7048  +0.7577  +0.7036  +0.0541  0.025
  8    2    0    gate  0.50  0.2224  +0.3343  +0.2194  +0.1149  0.051
  8    2    0   layer  0.05  0.9653  +0.9657  +0.9652  +0.0005  0.004
  8    2    0   layer  0.12  0.8175  +0.7992  +0.8167  -0.0176  0.021
  8    2    0   layer  0.25  0.4219  +0.3663  +0.4196  -0.0533  0.050
  8    2    0   layer  0.50  0.0334  +0.0913  +0.0297  +0.0617  0.057
  8    2    1  global  0.05  0.9238  +0.9293  +0.9235  +0.0058  0.008
  8    2    1  global  0.12  0.6340  +0.6427  +0.6326  +0.0101  0.034
  8    2    1  global  0.25  0.1580  +0.1242  +0.1547  -0.0305  0.057
  8    2    1  global  0.50  0.0122  +0.0576  +0.0083  +0.0493  0.058
  8    2    1    gate  0.05  0.9917  +0.9933  +0.9917  +0.0016  0.001
  8    2    1    gate  0.12  0.9506  +0.9562  +0.9504  +0.0058  0.005
  8    2    1    gate  0.25  0.7820  +0.7765  +0.7811  -0.0046  0.023
  8    2    1    gate  0.50  0.2886  +0.2878  +0.2858  +0.0020  0.053
  8    2    1   layer  0.05  0.9734  +0.9808  +0.9733  +0.0075  0.002
  8    2    1   layer  0.12  0.8559  +0.8845  +0.8554  +0.0292  0.013
  8    2    1   layer  0.25  0.5047  +0.5589  +0.5028  +0.0561  0.040
  8    2    1   layer  0.50  0.0487  +0.1140  +0.0450  +0.0690  0.057
  8    4    0  global  0.05  0.8615  +0.8971  +0.8610  +0.0361  0.011
  8    4    0  global  0.12  0.4332  +0.5019  +0.4310  +0.0709  0.043
  8    4    0  global  0.25  0.0387  +0.0061  +0.0349  -0.0288  0.058
  8    4    0  global  0.50  0.0011  -0.0459  -0.0028  -0.0430  0.058
  8    4    0    gate  0.05  0.9950  +0.9970  +0.9949  +0.0020  0.000
  8    4    0    gate  0.12  0.9728  +0.9832  +0.9727  +0.0106  0.002
  8    4    0    gate  0.25  0.8971  +0.9342  +0.8967  +0.0375  0.007
  8    4    0    gate  0.50  0.6658  +0.7932  +0.6645  +0.1287  0.021
  8    4    0   layer  0.05  0.9571  +0.9706  +0.9569  +0.0137  0.003
  8    4    0   layer  0.12  0.7722  +0.8327  +0.7713  +0.0613  0.018
  8    4    0   layer  0.25  0.3084  +0.4132  +0.3057  +0.1075  0.048
  8    4    0   layer  0.50  0.0029  +0.0915  -0.0011  +0.0925  0.057
  8    4    1  global  0.05  0.9139  +0.9459  +0.9136  +0.0324  0.006
  8    4    1  global  0.12  0.5960  +0.7337  +0.5944  +0.1393  0.027
  8    4    1  global  0.25  0.1062  +0.2676  +0.1026  +0.1649  0.054
  8    4    1  global  0.50  0.0014  -0.0471  -0.0025  -0.0446  0.058
  8    4    1    gate  0.05  0.9951  +0.9959  +0.9950  +0.0009  0.000
  8    4    1    gate  0.12  0.9722  +0.9785  +0.9721  +0.0064  0.002
  8    4    1    gate  0.25  0.8874  +0.9223  +0.8869  +0.0354  0.009
  8    4    1    gate  0.50  0.6343  +0.7745  +0.6328  +0.1417  0.023
  8    4    1   layer  0.05  0.9718  +0.9781  +0.9717  +0.0063  0.003
  8    4    1   layer  0.12  0.8477  +0.8830  +0.8471  +0.0359  0.013
  8    4    1   layer  0.25  0.4847  +0.5630  +0.4827  +0.0802  0.039
  8    4    1   layer  0.50  0.0539  +0.1152  +0.0502  +0.0650  0.057
  8    8    0  global  0.05  0.9087  +0.9047  +0.9083  -0.0036  0.010
  8    8    0  global  0.12  0.5666  +0.5647  +0.5649  -0.0002  0.039
  8    8    0  global  0.25  0.0617  +0.1435  +0.0580  +0.0855  0.057
  8    8    0  global  0.50  0.0035  +0.1106  -0.0004  +0.1110  0.057
  8    8    0    gate  0.05  0.9937  +0.9924  +0.9937  -0.0013  0.001
  8    8    0    gate  0.12  0.9649  +0.9573  +0.9647  -0.0074  0.005
  8    8    0    gate  0.25  0.8615  +0.8371  +0.8610  -0.0239  0.017
  8    8    0    gate  0.50  0.5950  +0.5657  +0.5934  -0.0277  0.039
  8    8    0   layer  0.05  0.9693  +0.9648  +0.9692  -0.0043  0.004
  8    8    0   layer  0.12  0.8318  +0.8039  +0.8312  -0.0273  0.020
  8    8    0   layer  0.25  0.4243  +0.4112  +0.4220  -0.0108  0.048
  8    8    0   layer  0.50  0.0080  +0.0289  +0.0041  +0.0248  0.058
  8    8    1  global  0.05  0.9048  +0.8958  +0.9044  -0.0087  0.011
  8    8    1  global  0.12  0.5742  +0.6025  +0.5726  +0.0299  0.037
  8    8    1  global  0.25  0.1206  +0.1238  +0.1172  +0.0067  0.057
  8    8    1  global  0.50  0.0011  -0.0574  -0.0028  -0.0545  0.058
  8    8    1    gate  0.05  0.9952  +0.9947  +0.9952  -0.0005  0.001
  8    8    1    gate  0.12  0.9742  +0.9704  +0.9741  -0.0037  0.003
  8    8    1    gate  0.25  0.9040  +0.8874  +0.9036  -0.0162  0.012
  8    8    1    gate  0.50  0.7426  +0.7097  +0.7416  -0.0318  0.029
  8    8    1   layer  0.05  0.9782  +0.9750  +0.9781  -0.0031  0.003
  8    8    1   layer  0.12  0.8814  +0.8686  +0.8809  -0.0123  0.014
  8    8    1   layer  0.25  0.5753  +0.5519  +0.5737  -0.0217  0.040
  8    8    1   layer  0.50  0.1058  +0.0713  +0.1023  -0.0310  0.057
  8   16    0  global  0.05  0.9135  +0.9069  +0.9132  -0.0063  0.010
  8   16    0  global  0.12  0.6103  +0.5686  +0.6088  -0.0402  0.039
  8   16    0  global  0.25  0.1443  +0.1208  +0.1409  -0.0201  0.057
  8   16    0  global  0.50  0.0025  +0.0258  -0.0014  +0.0272  0.058
  8   16    0    gate  0.05  0.9886  +0.9900  +0.9886  +0.0014  0.001
  8   16    0    gate  0.12  0.9372  +0.9467  +0.9369  +0.0098  0.006
  8   16    0    gate  0.25  0.7594  +0.8009  +0.7585  +0.0424  0.021
  8   16    0    gate  0.50  0.3503  +0.3981  +0.3477  +0.0503  0.049
  8   16    0   layer  0.05  0.9712  +0.9733  +0.9711  +0.0022  0.003
  8   16    0   layer  0.12  0.8458  +0.8437  +0.8451  -0.0014  0.017
  8   16    0   layer  0.25  0.4929  +0.4719  +0.4910  -0.0190  0.045
  8   16    0   layer  0.50  0.0783  +0.1208  +0.0747  +0.0461  0.057
  8   16    1  global  0.05  0.8919  +0.9009  +0.8915  +0.0093  0.011
  8   16    1  global  0.12  0.5121  +0.5623  +0.5102  +0.0521  0.039
  8   16    1  global  0.25  0.0524  +0.0565  +0.0487  +0.0079  0.058
  8   16    1  global  0.50  0.0041  +0.0044  +0.0002  +0.0043  0.058
  8   16    1    gate  0.05  0.9915  +0.9926  +0.9914  +0.0012  0.001
  8   16    1    gate  0.12  0.9500  +0.9553  +0.9498  +0.0055  0.005
  8   16    1    gate  0.25  0.7857  +0.8012  +0.7848  +0.0164  0.021
  8   16    1    gate  0.50  0.2978  +0.3483  +0.2951  +0.0532  0.051
  8   16    1   layer  0.05  0.9725  +0.9721  +0.9724  -0.0003  0.003
  8   16    1   layer  0.12  0.8512  +0.8447  +0.8507  -0.0060  0.017
  8   16    1   layer  0.25  0.4973  +0.4412  +0.4954  -0.0542  0.046
  8   16    1   layer  0.50  0.0684  -0.0431  +0.0648  -0.1079  0.058
 10    1    0  global  0.05  0.8234  +0.8995  +0.8232  +0.0763  0.011
 10    1    0  global  0.12  0.3265  +0.6376  +0.3258  +0.3118  0.034
 10    1    0  global  0.25  0.0054  +0.1083  +0.0044  +0.1038  0.057
 10    1    0  global  0.50  0.0003  +0.0222  -0.0007  +0.0229  0.058
 10    1    0    gate  0.05  0.9909  +0.9968  +0.9909  +0.0059  0.000
 10    1    0    gate  0.12  0.9485  +0.9812  +0.9485  +0.0327  0.002
 10    1    0    gate  0.25  0.7922  +0.9043  +0.7920  +0.1122  0.011
 10    1    0    gate  0.50  0.3744  +0.5721  +0.3737  +0.1983  0.039
 10    1    0   layer  0.05  0.9687  +0.9865  +0.9687  +0.0178  0.002
 10    1    0   layer  0.12  0.8340  +0.9318  +0.8338  +0.0979  0.008
 10    1    0   layer  0.25  0.4615  +0.7582  +0.4609  +0.2973  0.025
 10    1    0   layer  0.50  0.0590  +0.2967  +0.0580  +0.2386  0.053
 10    1    1  global  0.05  0.8329  +0.9081  +0.8328  +0.0754  0.010
 10    1    1  global  0.12  0.3643  +0.6245  +0.3636  +0.2609  0.035
 10    1    1  global  0.25  0.0097  +0.1559  +0.0087  +0.1472  0.056
 10    1    1  global  0.50  0.0017  -0.0129  +0.0007  -0.0137  0.058
 10    1    1    gate  0.05  0.9958  +0.9970  +0.9957  +0.0013  0.000
 10    1    1    gate  0.12  0.9769  +0.9856  +0.9769  +0.0087  0.002
 10    1    1    gate  0.25  0.9108  +0.9559  +0.9107  +0.0452  0.005
 10    1    1    gate  0.50  0.7159  +0.8505  +0.7156  +0.1349  0.016
 10    1    1   layer  0.05  0.9642  +0.9822  +0.9642  +0.0180  0.002
 10    1    1   layer  0.12  0.8087  +0.8931  +0.8085  +0.0846  0.012
 10    1    1   layer  0.25  0.3882  +0.5785  +0.3876  +0.1909  0.038
 10    1    1   layer  0.50  0.0168  +0.2265  +0.0158  +0.2107  0.055
 10    2    0  global  0.05  0.8383  +0.8676  +0.8381  +0.0295  0.014
 10    2    0  global  0.12  0.3621  +0.4061  +0.3614  +0.0446  0.048
 10    2    0  global  0.25  0.0101  +0.1192  +0.0092  +0.1101  0.057
 10    2    0  global  0.50  0.0010  -0.0339  +0.0000  -0.0340  0.058
 10    2    0    gate  0.05  0.9883  +0.9925  +0.9882  +0.0043  0.001
 10    2    0    gate  0.12  0.9329  +0.9557  +0.9328  +0.0229  0.005
 10    2    0    gate  0.25  0.7296  +0.7918  +0.7294  +0.0624  0.022
 10    2    0    gate  0.50  0.2401  +0.3183  +0.2394  +0.0790  0.052
 10    2    0   layer  0.05  0.9512  +0.9644  +0.9512  +0.0132  0.004
 10    2    0   layer  0.12  0.7511  +0.8247  +0.7508  +0.0739  0.018
 10    2    0   layer  0.25  0.2942  +0.5339  +0.2935  +0.2403  0.041
 10    2    0   layer  0.50  0.0107  +0.2081  +0.0098  +0.1983  0.055
 10    2    1  global  0.05  0.8534  +0.9112  +0.8533  +0.0579  0.010
 10    2    1  global  0.12  0.3937  +0.4088  +0.3931  +0.0157  0.048
 10    2    1  global  0.25  0.0230  +0.0383  +0.0221  +0.0162  0.058
 10    2    1  global  0.50  0.0002  -0.0630  -0.0008  -0.0622  0.058
 10    2    1    gate  0.05  0.9952  +0.9979  +0.9952  +0.0027  0.000
 10    2    1    gate  0.12  0.9731  +0.9887  +0.9731  +0.0156  0.001
 10    2    1    gate  0.25  0.8944  +0.9591  +0.8943  +0.0648  0.005
 10    2    1    gate  0.50  0.6792  +0.8885  +0.6789  +0.2096  0.012
 10    2    1   layer  0.05  0.9561  +0.9842  +0.9561  +0.0281  0.002
 10    2    1   layer  0.12  0.7746  +0.9280  +0.7743  +0.1536  0.008
 10    2    1   layer  0.25  0.3353  +0.7195  +0.3347  +0.3848  0.028
 10    2    1   layer  0.50  0.0120  +0.1822  +0.0110  +0.1712  0.056
 10    4    0  global  0.05  0.8370  +0.8779  +0.8369  +0.0410  0.013
 10    4    0  global  0.12  0.3595  +0.4555  +0.3588  +0.0967  0.046
 10    4    0  global  0.25  0.0112  +0.0460  +0.0102  +0.0357  0.058
 10    4    0  global  0.50  0.0026  +0.0609  +0.0016  +0.0593  0.058
 10    4    0    gate  0.05  0.9967  +0.9970  +0.9967  +0.0004  0.000
 10    4    0    gate  0.12  0.9814  +0.9838  +0.9813  +0.0025  0.002
 10    4    0    gate  0.25  0.9220  +0.9370  +0.9219  +0.0150  0.007
 10    4    0    gate  0.50  0.6944  +0.7842  +0.6941  +0.0901  0.022
 10    4    0   layer  0.05  0.9537  +0.9532  +0.9536  -0.0005  0.005
 10    4    0   layer  0.12  0.7627  +0.7610  +0.7624  -0.0014  0.024
 10    4    0   layer  0.25  0.3209  +0.3144  +0.3202  -0.0058  0.052
 10    4    0   layer  0.50  0.0185  +0.0171  +0.0175  -0.0004  0.058
 10    4    1  global  0.05  0.8374  +0.9113  +0.8372  +0.0741  0.010
 10    4    1  global  0.12  0.3615  +0.5571  +0.3608  +0.1963  0.040
 10    4    1  global  0.25  0.0180  -0.0242  +0.0170  -0.0412  0.058
 10    4    1  global  0.50  0.0006  -0.0348  -0.0004  -0.0344  0.058
 10    4    1    gate  0.05  0.9862  +0.9873  +0.9862  +0.0011  0.001
 10    4    1    gate  0.12  0.9207  +0.9221  +0.9206  +0.0015  0.009
 10    4    1    gate  0.25  0.6817  +0.6778  +0.6814  -0.0035  0.031
 10    4    1    gate  0.50  0.1496  +0.2562  +0.1488  +0.1075  0.054
 10    4    1   layer  0.05  0.9600  +0.9693  +0.9600  +0.0093  0.003
 10    4    1   layer  0.12  0.7883  +0.8277  +0.7881  +0.0396  0.018
 10    4    1   layer  0.25  0.3425  +0.3449  +0.3418  +0.0031  0.051
 10    4    1   layer  0.50  0.0069  +0.0393  +0.0060  +0.0334  0.058
 10   10    0  global  0.05  0.7760  +0.7910  +0.7758  +0.0152  0.022
 10   10    0  global  0.12  0.2347  +0.3520  +0.2339  +0.1181  0.051
 10   10    0  global  0.25  0.0007  -0.0208  -0.0003  -0.0205  0.058
 10   10    0  global  0.50  0.0002  +0.0236  -0.0008  +0.0244  0.058
 10   10    0    gate  0.05  0.9938  +0.9963  +0.9938  +0.0025  0.000
 10   10    0    gate  0.12  0.9646  +0.9788  +0.9646  +0.0142  0.002
 10   10    0    gate  0.25  0.8551  +0.9070  +0.8549  +0.0521  0.010
 10   10    0    gate  0.50  0.5304  +0.6218  +0.5300  +0.0919  0.035
 10   10    0   layer  0.05  0.9533  +0.9634  +0.9532  +0.0102  0.004
 10   10    0   layer  0.12  0.7581  +0.7855  +0.7579  +0.0276  0.022
 10   10    0   layer  0.25  0.2986  +0.2679  +0.2980  -0.0301  0.054
 10   10    0   layer  0.50  0.0072  -0.0720  +0.0062  -0.0783  0.057
 10   10    1  global  0.05  0.8053  +0.8466  +0.8051  +0.0415  0.016
 10   10    1  global  0.12  0.3014  +0.3009  +0.3007  +0.0002  0.053
 10   10    1  global  0.25  0.0092  -0.0220  +0.0082  -0.0302  0.058
 10   10    1  global  0.50  0.0021  +0.0687  +0.0012  +0.0675  0.057
 10   10    1    gate  0.05  0.9926  +0.9947  +0.9926  +0.0021  0.001
 10   10    1    gate  0.12  0.9577  +0.9709  +0.9576  +0.0133  0.003
 10   10    1    gate  0.25  0.8268  +0.8863  +0.8266  +0.0596  0.012
 10   10    1    gate  0.50  0.4528  +0.6015  +0.4523  +0.1493  0.037
 10   10    1   layer  0.05  0.9596  +0.9749  +0.9596  +0.0153  0.003
 10   10    1   layer  0.12  0.7909  +0.8641  +0.7907  +0.0734  0.015
 10   10    1   layer  0.25  0.3734  +0.4448  +0.3728  +0.0720  0.046
 10   10    1   layer  0.50  0.0240  +0.0449  +0.0231  +0.0219  0.058
 10   20    0  global  0.05  0.8152  +0.7919  +0.8151  -0.0232  0.022
 10   20    0  global  0.12  0.3111  +0.2125  +0.3104  -0.0979  0.055
 10   20    0  global  0.25  0.0107  -0.0245  +0.0098  -0.0343  0.058
 10   20    0  global  0.50  0.0006  +0.0202  -0.0004  +0.0206  0.058
 10   20    0    gate  0.05  0.9903  +0.9920  +0.9903  +0.0018  0.001
 10   20    0    gate  0.12  0.9442  +0.9550  +0.9442  +0.0108  0.005
 10   20    0    gate  0.25  0.7733  +0.8170  +0.7731  +0.0439  0.019
 10   20    0    gate  0.50  0.3421  +0.4395  +0.3415  +0.0980  0.047
 10   20    0   layer  0.05  0.9458  +0.9512  +0.9458  +0.0054  0.006
 10   20    0   layer  0.12  0.7239  +0.7536  +0.7237  +0.0300  0.025
 10   20    0   layer  0.25  0.2384  +0.3275  +0.2377  +0.0898  0.052
 10   20    0   layer  0.50  0.0004  -0.0508  -0.0006  -0.0502  0.058
 10   20    1  global  0.05  0.8626  +0.8255  +0.8625  -0.0370  0.018
 10   20    1  global  0.12  0.4478  +0.3467  +0.4473  -0.1006  0.051
 10   20    1  global  0.25  0.0439  +0.0328  +0.0430  -0.0102  0.058
 10   20    1  global  0.50  0.0023  +0.0320  +0.0013  +0.0307  0.058
 10   20    1    gate  0.05  0.9911  +0.9907  +0.9911  -0.0003  0.001
 10   20    1    gate  0.12  0.9491  +0.9464  +0.9491  -0.0027  0.006
 10   20    1    gate  0.25  0.7940  +0.7827  +0.7938  -0.0112  0.022
 10   20    1    gate  0.50  0.3874  +0.3746  +0.3868  -0.0122  0.050
 10   20    1   layer  0.05  0.9548  +0.9594  +0.9548  +0.0047  0.005
 10   20    1   layer  0.12  0.7685  +0.7725  +0.7683  +0.0042  0.023
 10   20    1   layer  0.25  0.3289  +0.3067  +0.3283  -0.0215  0.052
 10   20    1   layer  0.50  0.0205  +0.0434  +0.0195  +0.0238  0.058
wrote /Users/ilyesjamoussi/Desktop/peaked-circuits/peaked-circuit-landscape/theory/kernel_robust.png
