self-tests passed (boundary closed form on the grid + odd depths, su(4) kernels 9 and 4, probe derivatives, tau_p = 1 rank 24 = 3n, R_z dressing exact with state moved 0.997, ray-space cap)

(a) probe-ray corank at Haar-random points vs 3S + 9B + 4E
 (n, tau_p)     P    3S   B   E  predicted  corank_w         kernel gap  corank_psi
     (4, 2)    45     6   1   2         23        23     7e-16 -> 9e-03          15 [0 s]
     (6, 2)    75    12   2   2         38        38     4e-16 -> 5e-02          12 [0 s]
     (6, 3)   120    30   3   0         57        57     3e-16 -> 2e-05          30 [0 s]
     (8, 1)    60     0   4   0         36        36     9e-16 -> 3e-01           0 [0 s]
     (8, 2)   105    18   3   2         53        53     7e-16 -> 5e-05          18 [0 s]
     (8, 3)   165    42   4   0         78        78     7e-16 -> 3e-09          42 [0 s]
     (8, 4)   210    60   3   2         95     95/95     5e-15 -> 1e-02       60/60 [0 s]
    (10, 4)   270    78   4   2        122       122     1e-15 -> 6e-03          78 [0 s]
    (10, 5)   345   108   5   0        153       153     6e-15 -> 3e-03         108 [0 s]
    (12, 6)   495   162   5   2        215       215     3e-15 -> 2e-03         162 [1 s]
    (14, 7)   690   234   7   0        297       297     4e-15 -> 1e-04         234 [4 s]
    (16, 8)   900   312   7   2        383       383     9e-15 -> 5e-03         312 [20 s]
  the (4, 2) probe rays: a compact image of dimension 22 in a ray space of dimension 30

(b) at the archived best restarts, before and after polishing
  polishing is a stationarity diagnostic, outside the frozen protocol; no reach level rests on it
  (n, tau_p) = (8, 4), atom set + one mid-band, target corank 95:
    sol 177: delta 0.752655 -> 0.752655, |grad| 5.71e-04 -> 2.65e-08, |dtheta| 2.18e-04, corank_w 95/95 [17 s]
    sol 120: delta 0.752655 -> 0.752655, |grad| 6.97e-04 -> 3.94e-08, |dtheta| 5.53e-03, corank_w 95/95 [18 s]
    sol  81: delta 0.752655 -> 0.752655, |grad| 9.72e-04 -> 2.14e-08, |dtheta| 3.13e-04, corank_w 95/95 [16 s]
    sol  28: delta 0.752655 -> 0.752655, |grad| 9.29e-04 -> 3.33e-08, |dtheta| 6.84e-03, corank_w 95/95 [18 s]
    sol  56: delta 0.749840 -> 0.750759, |grad| 1.08e-03 -> 2.45e-08, |dtheta| 1.56e+00, corank_w 95/95 [19 s]
  (n, tau_p) = (10, 5), best restarts, target corank 153:
    sol  83: delta 0.462629 -> 0.463032, |grad| 5.64e-04 -> 3.47e-08, |dtheta| 2.72e+00, corank_w 153/153 [129 s]
    sol  85: delta 0.461472 -> 0.466699, |grad| 2.06e-03 -> 3.35e-08, |dtheta| 2.97e+00, corank_w 153/153 [158 s]
  (n, tau_p) = (12, 6), best restarts, target corank 215:
    sol  12: delta 0.397795 -> 0.408094, |grad| 3.07e-03 -> 1.81e-08, |dtheta| 4.60e+00, corank_w 215/215 [136 s]
    sol  82: delta 0.395317 -> 0.399194, |grad| 8.35e-04 -> 3.79e-08, |dtheta| 5.17e+00, corank_w 215/215 [258 s]

(c, d) the flat band at the polished stops is the count, direction by direction
  (n, tau_p) = (8, 4), expected 95:
    sol 177: band 95/95/95/95/95/95/100 at thresholds 1e-8..1e-2, |mu| gap 7.6e-09 -> 4.0e-03, asym 1.6e-12
      probe-ray speed: flat <= 1.22e-07, moving >= 9.56e-02  [11 s]
    sol 120: band 93/95/95/95/95/95/102 at thresholds 1e-8..1e-2, |mu| gap 1.3e-08 -> 1.4e-03, asym 1.8e-12
      probe-ray speed: flat <= 2.59e-07, moving >= 4.34e-02  [11 s]
    sol 81: band 95/95/95/95/95/95/99 at thresholds 1e-8..1e-2, |mu| gap 4.3e-09 -> 2.5e-03, asym 1.8e-12
      probe-ray speed: flat <= 4.67e-08, moving >= 8.00e-02  [12 s]
    sol 28: band 95/95/95/95/95/95/100 at thresholds 1e-8..1e-2, |mu| gap 8.5e-09 -> 1.6e-03, asym 2.6e-12
      probe-ray speed: flat <= 8.03e-08, moving >= 5.79e-02  [11 s]
  (n, tau_p) = (10, 5), expected 153:
    sol 83: band 153/153/153/153/155/159/170 at thresholds 1e-8..1e-2, |mu| gap 5.0e-09 -> 4.5e-05, asym 1.2e-12
      probe-ray speed: flat <= 2.21e-07, moving >= 1.73e-03  [62 s]
    sol 85: band 153/153/153/153/155/157/167 at thresholds 1e-8..1e-2, |mu| gap 6.1e-09 -> 1.1e-05, asym 1.6e-12
      probe-ray speed: flat <= 2.79e-07, moving >= 7.41e-04  [62 s]
  (n, tau_p) = (12, 6), expected 215:
    sol 12: band 215/215/215/215/215/216/232 at thresholds 1e-8..1e-2, |mu| gap 3.0e-09 -> 6.9e-04, asym 3.3e-12
      probe-ray speed: flat <= 9.82e-08, moving >= 9.96e-02  [241 s]
    sol 82: band 215/215/215/215/215/217/235 at thresholds 1e-8..1e-2, |mu| gap 6.9e-09 -> 6.5e-04, asym 1.8e-12
      probe-ray speed: flat <= 1.04e-07, moving >= 9.80e-02  [241 s]

(e) what the band moves: the boundary count, and its R_z floor
  (8, 4): probe-kernel state-motion rank 35 = 9B + 4E = 35 (gap 1.4e-01 -> 1.6e-15), R_z motions rank 8 = n, sigma_min 0.43
  (10, 5): probe-kernel state-motion rank 45 = 9B + 4E = 45 (gap 1.6e-01 -> 5.7e-10), R_z motions rank 10 = n, sigma_min 0.66
  (12, 6): probe-kernel state-motion rank 53 = 9B + 4E = 53 (gap 1.0e-01 -> 3.3e-15), R_z motions rank 12 = n, sigma_min 0.68

(f) the stall artifact at the Adam stop, four (8, 4) atoms
  median band |mu| over ||grad||: 0.041/0.035/0.042/0.039 -- a constant fraction (spread x1.18); polishing removes it

(g) provenance of the peakedness values near the polished stops
  n = 10, instance 0 -- protocols, not readings of one number:
    Adam 400 steps, frozen protocol, best of 200   0.462629  results/pq/pq_n10_i0_sigma0.1.npz
    L-BFGS-B polish of that point (this script)    0.463032  stationarity diagnostic only
    Adam 1600 steps, 16 matched seeds              0.4632    analysis/step_budget_control.log
    converged ladder protocol                      0.4632566 REGISTRATION-CONVERGED.md
    none of these is delta*.
  n = 12, instance 0 -- protocols, not readings of one number:
    Adam 400 steps, frozen protocol, best of 200   0.397795  results/pq/pq_n12_i0_sigma0.1.npz
    L-BFGS-B polish of that point (this script)    0.408094  stationarity diagnostic only
    Adam 1600 steps, 16 matched seeds              0.4081    analysis/step_budget_control.log
    none of these is delta*.

all checks passed: the flat band is the objective's gauge, 3S + 9B + 4E
