2026-07-17 00:23:04,409  n = 8, tau_r = 8, tau_p = 2, instance 0: 60 restarts, init scale 0.1, baseline peak weight 3.19e-03
2026-07-17 00:23:24,634  restart   0 finished (  1/60)  delta = 0.3567  steps = 364  [18.5 s]
2026-07-17 00:23:24,715  restart   1 finished (  2/60)  delta = 0.3567  steps = 367  [18.6 s]
2026-07-17 00:23:31,991  restart   2 finished (  3/60)  delta = 0.3567  steps = 146  [7.3 s]
2026-07-17 00:23:39,739  restart   4 finished (  4/60)  delta = 0.3567  steps = 154  [7.8 s]
2026-07-17 00:23:41,890  restart   3 finished (  5/60)  delta = 0.3567  steps = 337  [17.2 s]
2026-07-17 00:23:57,481  restart   5 finished (  6/60)  delta = 0.3567  steps = 350  [17.8 s]
2026-07-17 00:23:58,948  restart   6 finished (  7/60)  delta = 0.3567  steps = 337  [17.1 s]
2026-07-17 00:24:05,095  restart   7 finished (  8/60)  delta = 0.3567  steps = 141  [7.6 s]
2026-07-17 00:24:18,121  restart   8 finished (  9/60)  delta = 0.3567  steps = 358  [19.2 s]
2026-07-17 00:24:24,964  restart   9 finished ( 10/60)  delta = 0.3567  steps = 366  [19.9 s]
2026-07-17 00:24:26,871  restart  10 finished ( 11/60)  delta = 0.3567  steps = 163  [8.8 s]
2026-07-17 00:24:32,775  restart  11 finished ( 12/60)  delta = 0.3567  steps = 143  [7.8 s]
2026-07-17 00:24:34,886  restart  12 finished ( 13/60)  delta = 0.3566  steps = 149  [8.0 s]
2026-07-17 00:24:40,034  restart  13 finished ( 14/60)  delta = 0.3567  steps = 143  [7.3 s]
2026-07-17 00:24:53,349  restart  14 finished ( 15/60)  delta = 0.3567  steps = 371  [18.5 s]
2026-07-17 00:24:58,703  restart  15 finished ( 16/60)  delta = 0.3567  steps = 373  [18.7 s]
2026-07-17 00:24:59,953  restart  16 finished ( 17/60)  delta = 0.3567  steps = 132  [6.6 s]
2026-07-17 00:25:09,007  restart  18 finished ( 18/60)  delta = 0.3567  steps = 177  [9.1 s]
2026-07-17 00:25:16,910  restart  17 finished ( 19/60)  delta = 0.3567  steps = 370  [18.2 s]
2026-07-17 00:25:27,639  restart  19 finished ( 20/60)  delta = 0.3567  steps = 371  [18.6 s]
2026-07-17 00:25:34,870  restart  20 finished ( 21/60)  delta = 0.3567  steps = 356  [18.0 s]
2026-07-17 00:25:44,868  restart  21 finished ( 22/60)  delta = 0.3567  steps = 347  [17.2 s]
2026-07-17 00:25:50,962  restart  23 finished ( 23/60)  delta = 0.3567  steps = 122  [6.1 s]
2026-07-17 00:25:52,655  restart  22 finished ( 24/60)  delta = 0.3567  steps = 352  [17.8 s]
2026-07-17 00:25:59,353  restart  25 finished ( 25/60)  delta = 0.3567  steps = 131  [6.7 s]
2026-07-17 00:26:10,428  restart  24 finished ( 26/60)  delta = 0.3567  steps = 387  [19.5 s]
2026-07-17 00:26:18,321  restart  26 finished ( 27/60)  delta = 0.3567  steps = 375  [19.0 s]
2026-07-17 00:26:24,972  restart  28 finished ( 28/60)  delta = 0.3567  steps = 135  [6.6 s]
2026-07-17 00:26:27,522  restart  27 finished ( 29/60)  delta = 0.3567  steps = 341  [17.1 s]
2026-07-17 00:26:34,545  restart  30 finished ( 30/60)  delta = 0.3567  steps = 147  [7.0 s]
2026-07-17 00:26:41,018  restart  31 finished ( 31/60)  delta = 0.3567  steps = 129  [6.5 s]
2026-07-17 00:26:42,817  restart  29 finished ( 32/60)  delta = 0.3567  steps = 366  [17.8 s]
2026-07-17 00:26:48,055  restart  32 finished ( 33/60)  delta = 0.3567  steps = 137  [7.0 s]
2026-07-17 00:26:48,942  restart  33 finished ( 34/60)  delta = 0.3567  steps = 125  [6.1 s]
2026-07-17 00:26:55,533  restart  35 finished ( 35/60)  delta = 0.3567  steps = 138  [6.6 s]
2026-07-17 00:26:56,414  restart  34 finished ( 36/60)  delta = 0.3567  steps = 164  [8.4 s]
2026-07-17 00:27:08,010  restart  37 finished ( 37/60)  delta = 0.3567  steps = 229  [11.6 s]
2026-07-17 00:27:13,579  restart  36 finished ( 38/60)  delta = 0.3567  steps = 359  [18.1 s]
2026-07-17 00:27:20,601  restart  39 finished ( 39/60)  delta = 0.3567  steps = 140  [7.0 s]
2026-07-17 00:27:25,107  restart  38 finished ( 40/60)  delta = 0.3567  steps = 340  [17.1 s]
2026-07-17 00:27:38,479  restart  40 finished ( 41/60)  delta = 0.3567  steps = 353  [17.9 s]
2026-07-17 00:27:44,277  restart  41 finished ( 42/60)  delta = 0.3567  steps = 376  [19.2 s]
2026-07-17 00:27:56,572  restart  42 finished ( 43/60)  delta = 0.3567  steps = 364  [18.1 s]
2026-07-17 00:28:02,219  restart  43 finished ( 44/60)  delta = 0.3567  steps = 358  [17.9 s]
2026-07-17 00:28:13,660  restart  44 finished ( 45/60)  delta = 0.3567  steps = 338  [17.1 s]
2026-07-17 00:28:18,980  restart  45 finished ( 46/60)  delta = 0.3567  steps = 329  [16.8 s]
2026-07-17 00:28:27,144  restart  47 finished ( 47/60)  delta = 0.3567  steps = 156  [8.2 s]
2026-07-17 00:28:30,109  restart  46 finished ( 48/60)  delta = 0.3567  steps = 331  [16.4 s]
2026-07-17 00:28:34,432  restart  48 finished ( 49/60)  delta = 0.3567  steps = 139  [7.3 s]
2026-07-17 00:28:47,883  restart  49 finished ( 50/60)  delta = 0.3567  steps = 352  [17.8 s]
2026-07-17 00:28:52,468  restart  50 finished ( 51/60)  delta = 0.3567  steps = 357  [18.0 s]
2026-07-17 00:28:54,353  restart  51 finished ( 52/60)  delta = 0.3567  steps = 131  [6.5 s]
2026-07-17 00:29:00,712  restart  53 finished ( 53/60)  delta = 0.3565  steps = 125  [6.4 s]
2026-07-17 00:29:10,233  restart  52 finished ( 54/60)  delta = 0.3567  steps = 352  [17.8 s]
2026-07-17 00:29:18,248  restart  54 finished ( 55/60)  delta = 0.3567  steps = 351  [17.5 s]
2026-07-17 00:29:24,598  restart  56 finished ( 56/60)  delta = 0.3567  steps = 124  [6.3 s]
2026-07-17 00:29:28,532  restart  55 finished ( 57/60)  delta = 0.3567  steps = 361  [18.3 s]
2026-07-17 00:29:34,917  restart  58 finished ( 58/60)  delta = 0.3567  steps = 128  [6.4 s]
2026-07-17 00:29:41,990  restart  59 finished ( 59/60)  delta = 0.3567  steps = 144  [7.1 s]
2026-07-17 00:29:43,096  restart  57 finished ( 60/60)  delta = 0.3567  steps = 369  [18.5 s]
2026-07-17 00:29:44,149  instance done in 399.0 s: delta best 0.3567, mean 0.3567, min 0.3565; 60/60 restarts peak on the 0^n string
2026-07-17 00:29:44,156  saved instance data to results/shallow_peaking/pq_n8_i0_sigma0.1.npz
2026-07-17 00:29:46,357  n = 8, tau_r = 8, tau_p = 2, instance 1: 60 restarts, init scale 0.1, baseline peak weight 3.36e-03
2026-07-17 00:29:53,591  restart   1 finished (  1/60)  delta = 0.3623  steps = 112  [5.6 s]
2026-07-17 00:29:54,212  restart   0 finished (  2/60)  delta = 0.3623  steps = 124  [6.3 s]
2026-07-17 00:29:59,412  restart   2 finished (  3/60)  delta = 0.3623  steps = 115  [5.8 s]
2026-07-17 00:30:06,639  restart   4 finished (  4/60)  delta = 0.3623  steps = 142  [7.2 s]
2026-07-17 00:30:12,956  restart   3 finished (  5/60)  delta = 0.3623  steps = 373  [18.7 s]
2026-07-17 00:30:15,775  restart   5 finished (  6/60)  delta = 0.3572  steps = 180  [9.1 s]
2026-07-17 00:30:18,845  restart   6 finished (  7/60)  delta = 0.3572  steps = 115  [5.9 s]
2026-07-17 00:30:22,224  restart   7 finished (  8/60)  delta = 0.3623  steps = 123  [6.5 s]
2026-07-17 00:30:25,864  restart   8 finished (  9/60)  delta = 0.3623  steps = 137  [7.0 s]
2026-07-17 00:30:33,670  restart  10 finished ( 10/60)  delta = 0.3623  steps = 147  [7.8 s]
2026-07-17 00:30:39,931  restart  11 finished ( 11/60)  delta = 0.3623  steps = 124  [6.3 s]
2026-07-17 00:30:40,883  restart   9 finished ( 12/60)  delta = 0.3623  steps = 365  [18.7 s]
2026-07-17 00:30:46,509  restart  12 finished ( 13/60)  delta = 0.3623  steps = 129  [6.6 s]
2026-07-17 00:30:47,027  restart  13 finished ( 14/60)  delta = 0.3623  steps = 121  [6.1 s]
2026-07-17 00:30:52,519  restart  14 finished ( 15/60)  delta = 0.3623  steps = 119  [6.0 s]
2026-07-17 00:30:54,083  restart  15 finished ( 16/60)  delta = 0.3623  steps = 140  [7.1 s]
2026-07-17 00:30:59,385  restart  16 finished ( 17/60)  delta = 0.3623  steps = 134  [6.9 s]
2026-07-17 00:31:00,460  restart  17 finished ( 18/60)  delta = 0.3623  steps = 128  [6.4 s]
2026-07-17 00:31:06,315  restart  18 finished ( 19/60)  delta = 0.3623  steps = 133  [6.9 s]
2026-07-17 00:31:07,387  restart  19 finished ( 20/60)  delta = 0.3623  steps = 131  [6.9 s]
2026-07-17 00:31:11,596  restart  20 finished ( 21/60)  delta = 0.3623  steps = 105  [5.3 s]
2026-07-17 00:31:13,665  restart  21 finished ( 22/60)  delta = 0.3623  steps = 124  [6.3 s]
2026-07-17 00:31:18,360  restart  22 finished ( 23/60)  delta = 0.3623  steps = 133  [6.8 s]
2026-07-17 00:31:21,266  restart  23 finished ( 24/60)  delta = 0.3623  steps = 146  [7.6 s]
2026-07-17 00:31:36,875  restart  24 finished ( 25/60)  delta = 0.3623  steps = 366  [18.5 s]
2026-07-17 00:31:39,918  restart  25 finished ( 26/60)  delta = 0.3623  steps = 362  [18.7 s]
2026-07-17 00:31:43,565  restart  26 finished ( 27/60)  delta = 0.3623  steps = 133  [6.7 s]
2026-07-17 00:31:46,159  restart  27 finished ( 28/60)  delta = 0.3623  steps = 120  [6.2 s]
2026-07-17 00:31:50,269  restart  28 finished ( 29/60)  delta = 0.3623  steps = 132  [6.7 s]
2026-07-17 00:31:51,733  restart  29 finished ( 30/60)  delta = 0.3623  steps = 110  [5.6 s]
2026-07-17 00:31:57,056  restart  30 finished ( 31/60)  delta = 0.3623  steps = 134  [6.8 s]
2026-07-17 00:31:58,967  restart  31 finished ( 32/60)  delta = 0.3623  steps = 143  [7.2 s]
2026-07-17 00:32:04,154  restart  32 finished ( 33/60)  delta = 0.3623  steps = 136  [7.1 s]
2026-07-17 00:32:05,634  restart  33 finished ( 34/60)  delta = 0.3623  steps = 135  [6.7 s]
2026-07-17 00:32:10,646  restart  34 finished ( 35/60)  delta = 0.3623  steps = 128  [6.5 s]
2026-07-17 00:32:12,887  restart  35 finished ( 36/60)  delta = 0.3623  steps = 143  [7.3 s]
2026-07-17 00:32:18,308  restart  36 finished ( 37/60)  delta = 0.3623  steps = 147  [7.7 s]
2026-07-17 00:32:27,577  restart  37 finished ( 38/60)  delta = 0.3623  steps = 291  [14.7 s]
2026-07-17 00:32:33,834  restart  39 finished ( 39/60)  delta = 0.3623  steps = 121  [6.3 s]
2026-07-17 00:32:35,217  restart  38 finished ( 40/60)  delta = 0.3623  steps = 333  [16.9 s]
2026-07-17 00:32:42,449  restart  41 finished ( 41/60)  delta = 0.3623  steps = 140  [7.2 s]
2026-07-17 00:32:42,733  restart  40 finished ( 42/60)  delta = 0.3623  steps = 183  [8.9 s]
2026-07-17 00:32:49,055  restart  43 finished ( 43/60)  delta = 0.3623  steps = 124  [6.3 s]
2026-07-17 00:32:50,023  restart  42 finished ( 44/60)  delta = 0.3623  steps = 148  [7.6 s]
2026-07-17 00:32:55,507  restart  44 finished ( 45/60)  delta = 0.3623  steps = 130  [6.5 s]
2026-07-17 00:32:57,465  restart  45 finished ( 46/60)  delta = 0.3623  steps = 147  [7.4 s]
2026-07-17 00:33:02,235  restart  46 finished ( 47/60)  delta = 0.3623  steps = 129  [6.7 s]
2026-07-17 00:33:09,089  restart  48 finished ( 48/60)  delta = 0.3623  steps = 135  [6.9 s]
2026-07-17 00:33:16,141  restart  49 finished ( 49/60)  delta = 0.3623  steps = 140  [7.1 s]
2026-07-17 00:33:17,201  restart  47 finished ( 50/60)  delta = 0.3623  steps = 381  [19.7 s]
2026-07-17 00:33:22,823  restart  50 finished ( 51/60)  delta = 0.3623  steps = 136  [6.7 s]
2026-07-17 00:33:23,929  restart  51 finished ( 52/60)  delta = 0.3623  steps = 136  [6.7 s]
2026-07-17 00:33:29,394  restart  53 finished ( 53/60)  delta = 0.3623  steps = 108  [5.5 s]
2026-07-17 00:33:29,766  restart  52 finished ( 54/60)  delta = 0.3623  steps = 138  [6.9 s]
2026-07-17 00:33:36,127  restart  55 finished ( 55/60)  delta = 0.3623  steps = 126  [6.4 s]
2026-07-17 00:33:42,603  restart  56 finished ( 56/60)  delta = 0.3623  steps = 126  [6.5 s]
2026-07-17 00:33:47,416  restart  54 finished ( 57/60)  delta = 0.3623  steps = 360  [18.0 s]
2026-07-17 00:33:48,139  restart  57 finished ( 58/60)  delta = 0.3623  steps = 107  [5.5 s]
2026-07-17 00:33:54,320  restart  58 finished ( 59/60)  delta = 0.3623  steps = 136  [6.9 s]
2026-07-17 00:34:05,069  restart  59 finished ( 60/60)  delta = 0.3623  steps = 355  [16.9 s]
2026-07-17 00:34:06,111  instance done in 259.0 s: delta best 0.3623, mean 0.3621, min 0.3572; 60/60 restarts peak on the 0^n string
2026-07-17 00:34:06,116  saved instance data to results/shallow_peaking/pq_n8_i1_sigma0.1.npz
2026-07-17 00:34:08,458  n = 8, tau_r = 8, tau_p = 2, instance 2: 60 restarts, init scale 0.1, baseline peak weight 1.00e-02
2026-07-17 00:34:18,862  restart   0 finished (  1/60)  delta = 0.3738  steps = 176  [8.8 s]
2026-07-17 00:34:19,033  restart   1 finished (  2/60)  delta = 0.3738  steps = 178  [9.0 s]
2026-07-17 00:34:30,750  restart   2 finished (  3/60)  delta = 0.3738  steps = 235  [11.9 s]
2026-07-17 00:34:37,008  restart   3 finished (  4/60)  delta = 0.3738  steps = 361  [18.0 s]
2026-07-17 00:34:39,999  restart   4 finished (  5/60)  delta = 0.3738  steps = 182  [9.2 s]
2026-07-17 00:34:54,604  restart   5 finished (  6/60)  delta = 0.3738  steps = 345  [17.6 s]
2026-07-17 00:34:59,398  restart   6 finished (  7/60)  delta = 0.3738  steps = 378  [19.4 s]
2026-07-17 00:35:00,508  restart   7 finished (  8/60)  delta = 0.3738  steps = 119  [5.9 s]
2026-07-17 00:35:10,239  restart   8 finished (  9/60)  delta = 0.3738  steps = 219  [10.8 s]
2026-07-17 00:35:18,596  restart   9 finished ( 10/60)  delta = 0.3738  steps = 364  [18.1 s]
2026-07-17 00:35:28,268  restart  10 finished ( 11/60)  delta = 0.3738  steps = 358  [18.0 s]
2026-07-17 00:35:37,552  restart  11 finished ( 12/60)  delta = 0.3738  steps = 379  [19.0 s]
2026-07-17 00:35:47,115  restart  12 finished ( 13/60)  delta = 0.3738  steps = 370  [18.9 s]
2026-07-17 00:35:56,218  restart  13 finished ( 14/60)  delta = 0.3738  steps = 367  [18.7 s]
2026-07-17 00:36:05,376  restart  14 finished ( 15/60)  delta = 0.3738  steps = 355  [18.3 s]
2026-07-17 00:36:13,285  restart  15 finished ( 16/60)  delta = 0.3738  steps = 344  [17.1 s]
2026-07-17 00:36:23,827  restart  16 finished ( 17/60)  delta = 0.3738  steps = 369  [18.5 s]
2026-07-17 00:36:26,191  restart  17 finished ( 18/60)  delta = 0.3737  steps = 254  [12.9 s]
2026-07-17 00:36:36,847  restart  19 finished ( 19/60)  delta = 0.3738  steps = 201  [10.7 s]
2026-07-17 00:36:42,044  restart  18 finished ( 20/60)  delta = 0.3738  steps = 361  [18.2 s]
2026-07-17 00:36:53,669  restart  20 finished ( 21/60)  delta = 0.3738  steps = 336  [16.8 s]
2026-07-17 00:37:00,122  restart  21 finished ( 22/60)  delta = 0.3738  steps = 358  [18.1 s]
2026-07-17 00:37:13,478  restart  22 finished ( 23/60)  delta = 0.3738  steps = 376  [19.8 s]
2026-07-17 00:37:14,716  restart  23 finished ( 24/60)  delta = 0.3738  steps = 336  [14.6 s]
2026-07-17 00:37:24,421  restart  25 finished ( 25/60)  delta = 0.3738  steps = 194  [9.7 s]
2026-07-17 00:37:30,042  restart  24 finished ( 26/60)  delta = 0.3738  steps = 329  [16.6 s]
2026-07-17 00:37:35,685  restart  26 finished ( 27/60)  delta = 0.3738  steps = 220  [11.3 s]
2026-07-17 00:37:44,651  restart  27 finished ( 28/60)  delta = 0.3738  steps = 291  [14.6 s]
2026-07-17 00:37:55,944  restart  28 finished ( 29/60)  delta = 0.3738  steps = 400  [20.3 s]
2026-07-17 00:38:02,671  restart  29 finished ( 30/60)  delta = 0.3738  steps = 362  [18.0 s]
2026-07-17 00:38:14,141  restart  30 finished ( 31/60)  delta = 0.3738  steps = 356  [18.2 s]
2026-07-17 00:38:21,636  restart  31 finished ( 32/60)  delta = 0.3738  steps = 358  [19.0 s]
2026-07-17 00:38:31,317  restart  32 finished ( 33/60)  delta = 0.3738  steps = 349  [17.2 s]
2026-07-17 00:38:40,655  restart  33 finished ( 34/60)  delta = 0.3738  steps = 378  [19.0 s]
2026-07-17 00:38:49,300  restart  34 finished ( 35/60)  delta = 0.3738  steps = 359  [18.0 s]
2026-07-17 00:38:58,716  restart  35 finished ( 36/60)  delta = 0.3738  steps = 358  [18.0 s]
2026-07-17 00:39:08,028  restart  36 finished ( 37/60)  delta = 0.3738  steps = 370  [18.7 s]
2026-07-17 00:39:15,767  restart  37 finished ( 38/60)  delta = 0.3738  steps = 332  [17.1 s]
2026-07-17 00:39:25,112  restart  38 finished ( 39/60)  delta = 0.3738  steps = 339  [17.1 s]
2026-07-17 00:39:34,743  restart  39 finished ( 40/60)  delta = 0.3738  steps = 371  [19.0 s]
2026-07-17 00:39:41,384  restart  41 finished ( 41/60)  delta = 0.3738  steps = 151  [6.6 s]
2026-07-17 00:39:42,141  restart  40 finished ( 42/60)  delta = 0.3738  steps = 358  [17.0 s]
2026-07-17 00:39:48,125  restart  42 finished ( 43/60)  delta = 0.3738  steps = 173  [6.7 s]
2026-07-17 00:39:56,059  restart  43 finished ( 44/60)  delta = 0.3738  steps = 365  [13.9 s]
2026-07-17 00:40:01,819  restart  44 finished ( 45/60)  delta = 0.3738  steps = 364  [13.7 s]
2026-07-17 00:40:08,621  restart  45 finished ( 46/60)  delta = 0.3738  steps = 334  [12.6 s]
2026-07-17 00:40:15,502  restart  46 finished ( 47/60)  delta = 0.3738  steps = 365  [13.7 s]
2026-07-17 00:40:21,833  restart  47 finished ( 48/60)  delta = 0.3738  steps = 354  [13.2 s]
2026-07-17 00:40:29,356  restart  48 finished ( 49/60)  delta = 0.3738  steps = 372  [13.9 s]
2026-07-17 00:40:35,957  restart  49 finished ( 50/60)  delta = 0.3738  steps = 378  [14.1 s]
2026-07-17 00:40:42,799  restart  50 finished ( 51/60)  delta = 0.3738  steps = 360  [13.4 s]
2026-07-17 00:40:49,823  restart  51 finished ( 52/60)  delta = 0.3738  steps = 370  [13.9 s]
2026-07-17 00:40:56,755  restart  53 finished ( 53/60)  delta = 0.3738  steps = 184  [6.9 s]
2026-07-17 00:40:57,011  restart  52 finished ( 54/60)  delta = 0.3738  steps = 379  [14.2 s]
2026-07-17 00:41:04,901  restart  55 finished ( 55/60)  delta = 0.3738  steps = 209  [7.9 s]
2026-07-17 00:41:09,771  restart  54 finished ( 56/60)  delta = 0.3738  steps = 346  [13.0 s]
2026-07-17 00:41:17,146  restart  57 finished ( 57/60)  delta = 0.3738  steps = 198  [7.4 s]
2026-07-17 00:41:17,765  restart  56 finished ( 58/60)  delta = 0.3738  steps = 346  [12.9 s]
2026-07-17 00:41:30,528  restart  58 finished ( 59/60)  delta = 0.3738  steps = 357  [13.4 s]
2026-07-17 00:41:31,493  restart  59 finished ( 60/60)  delta = 0.3738  steps = 365  [13.7 s]
2026-07-17 00:41:32,315  instance done in 443.3 s: delta best 0.3738, mean 0.3738, min 0.3737; 60/60 restarts peak on the 0^n string
2026-07-17 00:41:32,321  saved instance data to results/shallow_peaking/pq_n8_i2_sigma0.1.npz
