Recomputing the manuscript's numbers from results/.

Sec. VI, reach law
  [ok ] full-grid fixed base                                 computed      1.219  manuscript      1.219
  [ok ] full-grid base uncertainty (unscaled)                computed   0.006393  manuscript      0.006
  [ok ] full-grid chi2/dof                                   computed       7.08  manuscript        7.1
  [ok ] three-instance base (F1)                             computed      1.195  manuscript      1.195
  [ok ] three-instance base uncertainty                      computed    0.01124  manuscript      0.011
  [ok ] three-instance chi2/dof                              computed       0.34  manuscript        0.3
  [ok ] n<=14 chi2                                           computed       9.38  manuscript        9.4
  [ok ] n<=14 p-value                                        computed   0.009189  manuscript      0.009
  [ok ] extrapolated delta at n=16                           computed     0.1606  manuscript     0.1606
  [ok ] n=16 shortfall, own error (log units)                computed      4.376  manuscript        4.4
  [ok ] n=16 shortfall, propagated                           computed      3.444  manuscript        3.4
  [ok ] n=16 shortfall, propagated and rescaled              computed      2.221  manuscript        2.2
  [ok ] first log-step                                       computed     0.2956  manuscript      0.296
  [ok ] third log-step                                       computed     0.4869  manuscript      0.487
  [ok ] steepening significance                              computed      2.957  manuscript          3
  [ok ] local base, first interval                           computed      1.159  manuscript       1.16
  [ok ] local base, last interval                            computed      1.308  manuscript       1.31
  [ok ] most-favourable n=16 instance, in instance sigmas    computed      1.603  manuscript        1.6

Sec. II C, facts F2 and F3
  [ok ] F3 stalled fraction at n=8                           computed   0.005278  manuscript      0.005
  [ok ] F3 stalled fraction at n=10                          computed       0.13  manuscript       0.13
  [ok ] F3 stalled fraction at n=12                          computed     0.4361  manuscript       0.44
  [ok ] F3 stalled fraction at n=14                          computed     0.6183  manuscript       0.62
  [ok ] F3 stalled fraction at n=16                          computed     0.7725  manuscript       0.77
  [ok ] F2 intermediate-band pairs at n=8                    computed         32  manuscript         32
  [ok ] F2 pair count at n=8 (x 1e5)                         computed      3.582  manuscript        3.6

Sec. VI, restart budget
  [ok ] budget-800 slope vs the null at n=12                 computed      9.176  manuscript          9
  [ok ] within-ensemble slope ratio at n=10                  computed       0.61  manuscript       0.61
  [ok ] within-ensemble slope ratio at n=12                  computed     0.6328  manuscript       0.63
  [ok ] median slope over the null at n=12                   computed      14.43  manuscript         14
  [ok ] median slope over the null at n=14                   computed      50.71  manuscript         51
  [ok ] median slope over the null at n=16                   computed      174.3  manuscript        174

Sec. VI and App. B, step-budget control
  [ok ] restarts at the 400-step cap, n=8                    computed     0.6081  manuscript       0.61
  [ok ] instance-best restarts at the cap, n=8               computed          3  manuscript          3
  [ok ] restarts at the 400-step cap, n=10                   computed     0.9442  manuscript       0.94
  [ok ] instance-best restarts at the cap, n=10              computed         18  manuscript         18
  [ok ] restarts at the 400-step cap, n=12                   computed     0.9781  manuscript       0.98
  [ok ] instance-best restarts at the cap, n=12              computed         18  manuscript         18
  [ok ] restarts at the 400-step cap, n=14                   computed     0.9903  manuscript       0.99
  [ok ] instance-best restarts at the cap, n=14              computed         18  manuscript         18
  [ok ] restarts at the 400-step cap, n=16                   computed     0.9825  manuscript       0.98
  [ok ] instance-best restarts at the cap, n=16              computed          4  manuscript          4

Sec. V, the atom and its disappearance
  [ok ] relative top-10 spread at n=8                        computed  5.902e-07  manuscript    5.9e-07
  [ok ] atomic instances at n=8 (spread < 1e-5)              computed         13  manuscript         13
  [ok ] relative top-10 spread at n=10                       computed     0.0178  manuscript      0.018
  [ok ] relative top-10 spread at n=12                       computed    0.03118  manuscript      0.031
  [ok ] relative top-10 spread at n=14                       computed    0.04812  manuscript      0.048
  [ok ] relative top-10 spread at n=16                       computed    0.05948  manuscript       0.06
  [ok ] widest 60-restart span at (8, tau_p=2), x 1e-3       computed      5.061  manuscript        5.1

Sec. IV, deep anchors
  [ok ] delta 2^n / [P(n+lnP)] at n=8                        computed     0.0487  manuscript      0.049
  [ok ] delta 2^n / [P(n+lnP)] at n=10                       computed    0.05149  manuscript      0.051
  [ok ] delta 2^n / [P(n+lnP)] at n=12                       computed    0.05344  manuscript      0.053
  [ok ] drift of that ratio across the lever (per cent)      computed      9.728  manuscript         10

Sec. VI and App. C, corrugation
  [ok ] restored n=8 32-segment median rho                   computed      0.714  manuscript      0.714
  [ok ] pairs in that archive                                computed         12  manuscript         12
  -- the registered sweep (Sec. VI C, App. D) --
  [ok ] sweep mean rho at n=8                                computed     0.7258  manuscript      0.726
  [ok ] sweep mean rho at n=10                               computed     0.5603  manuscript       0.56
  [ok ] sweep mean rho at n=12                               computed     0.4435  manuscript      0.444
  [ok ] sweep mean rho at n=14                               computed       0.31  manuscript       0.31
  [ok ] sweep mean rho at n=16                               computed     0.2258  manuscript      0.226
  [ok ] sweep instance SE at n=8                             computed     0.0252  manuscript      0.025
  [ok ] sweep instance SE at n=10                            computed   0.005357  manuscript      0.005
  [ok ] sweep instance SE at n=12                            computed    0.01427  manuscript      0.014
  [ok ] sweep instance SE at n=14                            computed    0.02682  manuscript      0.027
  [ok ] sweep instance SE at n=16                            computed    0.01685  manuscript      0.017
  [ok ] sweep exponential base                               computed     0.8711  manuscript      0.871
  [ok ] sweep exponential chi2                               computed      3.362  manuscript        3.4
  [ok ] sweep exponential p                                  computed     0.3391  manuscript       0.34
  [ok ] sweep power-law exponent                             computed     -1.495  manuscript       -1.5
  [ok ] sweep power-law chi2                                 computed      14.38  manuscript       14.4
  [ok ] sweep power-law p                                    computed   0.002433  manuscript     0.0024
  [ok ] sweep interval exponent 1                            computed       1.16  manuscript       1.16
  [ok ] sweep interval exponent 2                            computed      1.281  manuscript       1.28
  [ok ] sweep interval exponent 3                            computed      2.323  manuscript       2.32
  [ok ] sweep interval exponent 4                            computed      2.375  manuscript       2.38
  -- the first pass, as recorded in App. C item 8 --
  [ok ] first-pass fitted base                               computed     0.8709  manuscript     0.8709
  [ok ] first-pass exponential log-RMS                       computed    0.06053  manuscript     0.0605
  [ok ] first-pass power-law log-RMS                         computed     0.1016  manuscript     0.1016
  [ok ] n=8 refinement, per cent                             computed       15.6  manuscript       15.6
  [ok ] base after correcting the interior points            computed     0.8752  manuscript     0.8752
  [ok ] correction at which the power law overtakes, per cent computed      14.44  manuscript       14.4

Sec. VI and App. B, what truncation costs
  [ok ] truncation deficit at n=8                            computed   0.001378  manuscript      0.001
  [ok ] truncation deficit at n=10                           computed     0.0227  manuscript      0.023
  [ok ] truncation deficit at n=12                           computed    0.03129  manuscript      0.031
  [ok ] truncation deficit at n=14                           computed    0.04716  manuscript      0.047
  [ok ] truncation deficit at n=16                           computed     0.1085  manuscript      0.109
  [ok ] steepening statistic, raw                            computed     0.1913  manuscript      0.191
  [ok ] steepening statistic, corrected                      computed     0.1971  manuscript      0.197
  [ok ] n=16 corrected delta                                 computed     0.1394  manuscript      0.139
  [ok ] n=16 corrected shortfall, own error                  computed       2.53  manuscript        2.5
  [ok ] n=16 corrected shortfall, propagated                 computed      1.991  manuscript          2
  [ok ] n=16 corrected shortfall, rescaled                   computed      1.284  manuscript        1.3

Sec. III D, probe dependence
  [ok ] r3 at n=6, sigma=0                                   computed     0.9697  manuscript     0.9697
  [ok ] r4 at n=6, sigma=0                                   computed     0.8915  manuscript     0.8915
  [ok ] r3 at n=6, sigma=0.1                                 computed     0.9715  manuscript     0.9715
  [ok ] r4 at n=6, sigma=0.1                                 computed     0.8973  manuscript     0.8973
  [ok ] r3 at n=8, sigma=0                                   computed      0.981  manuscript      0.981
  [ok ] r4 at n=8, sigma=0                                   computed     0.9294  manuscript     0.9294
  [ok ] r3 at n=8, sigma=0.1                                 computed     0.9817  manuscript     0.9817
  [ok ] r4 at n=8, sigma=0.1                                 computed     0.9318  manuscript     0.9318

99 claims recomputed, 0 disagreement(s).

Not recomputable here, checked by their own scripts and logs:
  - the exact kernel and its Monte-Carlo validation (kernel_exact.log)
  - the 240-point residuals against Eq. (5) (check_kernel_exact_residuals.py)
  - the moment hierarchy and its probe dependence (moment_probe_scan.py)
  - the SU(4) surjectivity hypothesis (gate_surjectivity.log)
  - the Hessian flat band and the gauge dimension (hessian_solutions.log)
  - the geometric-measure identity (geometric_measure.log)
  - the entanglement and MPS ceilings (ceiling_bound.log, mps_ceiling.log)
  - the proof constants of Prop. 1 and Lemma 1 (analytic)
